  Determining projects to restore...
  All projects are up-to-date for restore.
  Hex1b -> /home/midenn/Code/hex1b/src/Hex1b/bin/Debug/net10.0/Hex1b.dll
  Hex1b.Tests -> /home/midenn/Code/hex1b/tests/Hex1b.Tests/bin/Debug/net10.0/Hex1b.Tests.dll
Test run for /home/midenn/Code/hex1b/tests/Hex1b.Tests/bin/Debug/net10.0/Hex1b.Tests.dll (.NETCoreApp,Version=v10.0)
VSTest version 18.0.1 (x64)

Starting test execution, please wait...
A total of 1 test files matched the specified pattern.
  Failed Hex1b.Tests.EmbeddedTerminalResizeDiagnosticTests.Diagnostic_OpenTerminalViaMenu_BashPromptAppears [3 s]
  Error Message:
   System.TimeoutException : WaitUntil timed out after 00:00:03 waiting for terminal to be created.
Terminal state:
 File  Help
┌──────────────┐
│New Terminal  │
│──────────────│
│Quit          │
└──────────────┘
                                                              ┌────────Welcome────────┐
                                                              │Use File → New Terminal│
                                                              └───────────────────────┘
Ctrl+NNew Terminal
  Stack Trace:
     at Hex1b.Automation.WaitUntilStep.ExecuteAsync(Hex1bTerminal terminal, Hex1bTerminalInputSequenceOptions options, CancellationToken ct) in /home/midenn/Code/hex1b/src/Hex1b/Automation/WaitUntilStep.cs:line 35
   at Hex1b.Automation.Hex1bTerminalInputSequence.ApplyAsync(Hex1bTerminal terminal, CancellationToken ct) in /home/midenn/Code/hex1b/src/Hex1b/Automation/Hex1bTerminalInputSequence.cs:line 41
   at Hex1b.Tests.EmbeddedTerminalResizeDiagnosticTests.Diagnostic_OpenTerminalViaMenu_BashPromptAppears() in /home/midenn/Code/hex1b/tests/Hex1b.Tests/EmbeddedTerminalResizeDiagnosticTests.cs:line 151
   at Hex1b.Tests.EmbeddedTerminalResizeDiagnosticTests.Diagnostic_OpenTerminalViaMenu_BashPromptAppears() in /home/midenn/Code/hex1b/tests/Hex1b.Tests/EmbeddedTerminalResizeDiagnosticTests.cs:line 175
--- End of stack trace from previous location ---

Failed!  - Failed:     1, Passed:     0, Skipped:     0, Total:     1, Duration: 3 s - Hex1b.Tests.dll (net10.0)
